// Jest Snapshot v1, https://goo.gl/fbAQLP

exports[`matches snapshot 1`] = `
Object {
  "asFragment": [Function],
  "baseElement": <body>
    <div>
      <div
        class="makeStyles-root-1"
      >
        <header
          class="MuiPaper-root MuiAppBar-root MuiAppBar-positionFixed MuiAppBar-colorPrimary makeStyles-appBar-2  mui-fixed MuiPaper-elevation4"
        >
          <div
            class="MuiToolbar-root MuiToolbar-regular makeStyles-container-9 makeStyles-container-11 MuiToolbar-gutters"
          >
            <a
              aria-current="page"
              class="makeStyles-logo-8 active"
              href="/"
            >
              <img
                alt="the Logo of Natakalam"
                src="logo.png"
                width="35px"
              />
            </a>
            <div
              class="makeStyles-responsiveNav-7"
            >
              <div
                class="MuiGrid-root MuiGrid-container MuiGrid-spacing-xs-3"
              >
                <div
                  class="MuiGrid-root MuiGrid-item"
                >
                  <button
                    class="MuiButtonBase-root MuiButton-root MuiButton-text MuiButton-textSecondary"
                    data-testid="openMenuButton"
                    tabindex="0"
                    type="button"
                  >
                    <span
                      class="MuiButton-label"
                    >
                      <h6
                        class="MuiTypography-root MuiTypography-subtitle1 MuiTypography-colorSecondary"
                      >
                        Services
                      </h6>
                      <svg
                        aria-hidden="true"
                        class="MuiSvgIcon-root"
                        focusable="false"
                        viewBox="0 0 24 24"
                      >
                        <path
                          d="M16.59 8.59L12 13.17 7.41 8.59 6 10l6 6 6-6z"
                        />
                      </svg>
                    </span>
                    <span
                      class="MuiTouchRipple-root"
                    />
                  </button>
                </div>
                <div
                  class="MuiGrid-root MuiGrid-item"
                >
                  <a
                    class="makeStyles-textDecoration-234"
                    href="/about"
                  >
                    <button
                      class="MuiButtonBase-root MuiButton-root MuiButton-text MuiButton-textSecondary"
                      tabindex="0"
                      type="button"
                    >
                      <span
                        class="MuiButton-label"
                      >
                        <h6
                          class="MuiTypography-root MuiTypography-subtitle1 MuiTypography-colorSecondary"
                        >
                          About Us
                        </h6>
                      </span>
                      <span
                        class="MuiTouchRipple-root"
                      />
                    </button>
                  </a>
                </div>
                <div
                  class="MuiGrid-root MuiGrid-item"
                >
                  <a
                    class="makeStyles-textDecoration-234"
                    href="/blog"
                  >
                    <button
                      class="MuiButtonBase-root MuiButton-root MuiButton-text MuiButton-textSecondary"
                      tabindex="0"
                      type="button"
                    >
                      <span
                        class="MuiButton-label"
                      >
                        <h6
                          class="MuiTypography-root MuiTypography-subtitle1 MuiTypography-colorSecondary"
                        >
                          Blog
                        </h6>
                      </span>
                      <span
                        class="MuiTouchRipple-root"
                      />
                    </button>
                  </a>
                </div>
                <div
                  class="MuiGrid-root MuiGrid-item"
                >
                  <a
                    class="makeStyles-textDecoration-234"
                    href="/contact"
                  >
                    <button
                      class="MuiButtonBase-root MuiButton-root MuiButton-text MuiButton-textSecondary"
                      tabindex="0"
                      type="button"
                    >
                      <span
                        class="MuiButton-label"
                      >
                        <h6
                          class="MuiTypography-root MuiTypography-subtitle1 MuiTypography-colorSecondary"
                        >
                          Contact Us
                        </h6>
                      </span>
                      <span
                        class="MuiTouchRipple-root"
                      />
                    </button>
                  </a>
                </div>
                <div
                  class="MuiGrid-root MuiGrid-item"
                >
                  <a
                    class="makeStyles-textDecoration-234"
                    href="/shop"
                  >
                    <button
                      class="MuiButtonBase-root MuiButton-root MuiButton-text MuiButton-textSecondary"
                      tabindex="0"
                      type="button"
                    >
                      <span
                        class="MuiButton-label"
                      >
                        <h6
                          class="MuiTypography-root MuiTypography-subtitle1 MuiTypography-colorSecondary"
                        >
                          Shop
                        </h6>
                      </span>
                      <span
                        class="MuiTouchRipple-root"
                      />
                    </button>
                  </a>
                </div>
              </div>
            </div>
            <h6
              class="MuiTypography-root makeStyles-responsivePagePath-10 MuiTypography-subtitle1 MuiTypography-colorPrimary"
            />
            <button
              aria-label="open drawer"
              class="MuiButtonBase-root MuiIconButton-root makeStyles-responsiveDrawer-6  MuiIconButton-colorSecondary MuiIconButton-edgeEnd"
              tabindex="0"
              type="button"
            >
              <span
                class="MuiIconButton-label"
              >
                <svg
                  aria-hidden="true"
                  class="MuiSvgIcon-root"
                  focusable="false"
                  viewBox="0 0 24 24"
                >
                  <path
                    d="M3 18h18v-2H3v2zm0-5h18v-2H3v2zm0-7v2h18V6H3z"
                  />
                </svg>
              </span>
              <span
                class="MuiTouchRipple-root"
              />
            </button>
          </div>
        </header>
        <div
          class="MuiToolbar-root MuiToolbar-regular MuiToolbar-gutters"
        />
        <div
          class="MuiDrawer-root MuiDrawer-docked makeStyles-drawer-245"
        >
          <div
            class="MuiPaper-root MuiDrawer-paper makeStyles-drawerPaper-246 MuiDrawer-paperAnchorTop MuiDrawer-paperAnchorDockedTop MuiPaper-elevation0"
            style="visibility: hidden; webkit-transform: translateY(-0px); transform: translateY(-0px);"
          >
            <div
              class="makeStyles-drawerHeader-247"
            >
              <button
                class="MuiButtonBase-root MuiIconButton-root"
                tabindex="0"
                type="button"
              >
                <span
                  class="MuiIconButton-label"
                >
                  <svg
                    aria-hidden="true"
                    class="MuiSvgIcon-root"
                    focusable="false"
                    viewBox="0 0 24 24"
                  >
                    <path
                      d="M12 8l-6 6 1.41 1.41L12 10.83l4.59 4.58L18 14z"
                    />
                  </svg>
                </span>
                <span
                  class="MuiTouchRipple-root"
                />
              </button>
            </div>
            <ul
              class="MuiList-root MuiList-padding"
            >
              <a
                class="makeStyles-textDecoration-264"
                href="/"
              >
                <div
                  aria-disabled="false"
                  class="MuiButtonBase-root MuiListItem-root MuiListItem-gutters MuiListItem-button"
                  role="button"
                  tabindex="0"
                >
                  <h6
                    class="MuiTypography-root MuiTypography-subtitle1 MuiTypography-colorPrimary"
                  >
                    HOME
                  </h6>
                  <span
                    class="MuiTouchRipple-root"
                  />
                </div>
              </a>
              <div
                aria-disabled="false"
                class="MuiButtonBase-root MuiListItem-root MuiListItem-gutters MuiListItem-button"
                data-testid="openMenuButton"
                role="button"
                tabindex="0"
              >
                <h6
                  class="MuiTypography-root MuiTypography-subtitle1 MuiTypography-colorSecondary"
                >
                  SERVICES
                </h6>
                <svg
                  aria-hidden="true"
                  class="MuiSvgIcon-root MuiSvgIcon-colorSecondary"
                  focusable="false"
                  viewBox="0 0 24 24"
                >
                  <path
                    d="M16.59 8.59L12 13.17 7.41 8.59 6 10l6 6 6-6z"
                  />
                </svg>
                <span
                  class="MuiTouchRipple-root"
                />
              </div>
              <a
                class="makeStyles-textDecoration-264"
                href="/about"
              >
                <div
                  aria-disabled="false"
                  class="MuiButtonBase-root MuiListItem-root MuiListItem-gutters MuiListItem-button"
                  role="button"
                  tabindex="0"
                >
                  <h6
                    class="MuiTypography-root MuiTypography-subtitle1 MuiTypography-colorSecondary"
                  >
                    ABOUT US
                  </h6>
                  <span
                    class="MuiTouchRipple-root"
                  />
                </div>
              </a>
              <a
                class="makeStyles-textDecoration-264"
                href="/blog"
              >
                <div
                  aria-disabled="false"
                  class="MuiButtonBase-root MuiListItem-root MuiListItem-gutters MuiListItem-button"
                  role="button"
                  tabindex="0"
                >
                  <h6
                    class="MuiTypography-root MuiTypography-subtitle1 MuiTypography-colorSecondary"
                  >
                    BLOG
                  </h6>
                  <span
                    class="MuiTouchRipple-root"
                  />
                </div>
              </a>
              <a
                class="makeStyles-textDecoration-264"
                href="/contact"
              >
                <div
                  aria-disabled="false"
                  class="MuiButtonBase-root MuiListItem-root MuiListItem-gutters MuiListItem-button"
                  role="button"
                  tabindex="0"
                >
                  <h6
                    class="MuiTypography-root MuiTypography-subtitle1 MuiTypography-colorSecondary"
                  >
                    CONTACT US
                  </h6>
                  <span
                    class="MuiTouchRipple-root"
                  />
                </div>
              </a>
              <a
                class="makeStyles-textDecoration-264"
                href="/shop"
              >
                <div
                  aria-disabled="false"
                  class="MuiButtonBase-root MuiListItem-root MuiListItem-gutters MuiListItem-button"
                  role="button"
                  tabindex="0"
                >
                  <h6
                    class="MuiTypography-root MuiTypography-subtitle1 MuiTypography-colorSecondary"
                  >
                    SHOP
                  </h6>
                  <span
                    class="MuiTouchRipple-root"
                  />
                </div>
              </a>
            </ul>
          </div>
        </div>
      </div>
    </div>
    <div
      aria-hidden="true"
      class="MuiPopover-root"
      data-testid="menu"
      role="presentation"
      style="position: fixed; z-index: 1300; right: 0px; bottom: 0px; top: 0px; left: 0px; visibility: hidden;"
    >
      <div
        data-test="sentinelStart"
        tabindex="0"
      />
      <div
        class="MuiPaper-root MuiMenu-paper MuiPopover-paper MuiPaper-elevation8 MuiPaper-rounded"
        style="opacity: 0; transform: scale(0.75, 0.5625); visibility: hidden;"
        tabindex="-1"
      >
        <ul
          class="MuiList-root MuiMenu-list MuiList-padding"
          role="menu"
          tabindex="-1"
        >
          <a
            class="makeStyles-textDecoration-158"
            href="/services/individuals"
            tabindex="0"
          >
            <li
              aria-disabled="false"
              class="MuiButtonBase-root MuiListItem-root MuiMenuItem-root MuiMenuItem-gutters MuiListItem-gutters MuiListItem-button"
              role="menuitem"
              tabindex="-1"
            >
              <h6
                class="MuiTypography-root MuiTypography-subtitle1 MuiTypography-colorSecondary"
              >
                INDIVIDUALS
              </h6>
              <span
                class="MuiTouchRipple-root"
              />
            </li>
          </a>
          <a
            class="makeStyles-textDecoration-158"
            href="/services/organizations"
          >
            <li
              aria-disabled="false"
              class="MuiButtonBase-root MuiListItem-root MuiMenuItem-root MuiMenuItem-gutters MuiListItem-gutters MuiListItem-button"
              role="menuitem"
              tabindex="-1"
            >
              <h6
                class="MuiTypography-root MuiTypography-subtitle1 MuiTypography-colorSecondary"
              >
                ORGANIZATIONS
              </h6>
              <span
                class="MuiTouchRipple-root"
              />
            </li>
          </a>
          <a
            class="makeStyles-textDecoration-158"
            href="/services/academic"
          >
            <li
              aria-disabled="false"
              class="MuiButtonBase-root MuiListItem-root MuiMenuItem-root MuiMenuItem-gutters MuiListItem-gutters MuiListItem-button"
              role="menuitem"
              tabindex="-1"
            >
              <h6
                class="MuiTypography-root MuiTypography-subtitle1 MuiTypography-colorSecondary"
              >
                ACADEMIC
              </h6>
              <span
                class="MuiTouchRipple-root"
              />
            </li>
          </a>
          <a
            class="makeStyles-textDecoration-158"
            href="/services/translation"
          >
            <li
              aria-disabled="false"
              class="MuiButtonBase-root MuiListItem-root MuiMenuItem-root MuiMenuItem-gutters MuiListItem-gutters MuiListItem-button"
              role="menuitem"
              tabindex="-1"
            >
              <h6
                class="MuiTypography-root MuiTypography-subtitle1 MuiTypography-colorSecondary"
              >
                TRANSLATION
              </h6>
              <span
                class="MuiTouchRipple-root"
              />
            </li>
          </a>
        </ul>
      </div>
      <div
        data-test="sentinelEnd"
        tabindex="0"
      />
    </div>
  </body>,
  "container": <div>
    <div
      class="makeStyles-root-1"
    >
      <header
        class="MuiPaper-root MuiAppBar-root MuiAppBar-positionFixed MuiAppBar-colorPrimary makeStyles-appBar-2  mui-fixed MuiPaper-elevation4"
      >
        <div
          class="MuiToolbar-root MuiToolbar-regular makeStyles-container-9 makeStyles-container-11 MuiToolbar-gutters"
        >
          <a
            aria-current="page"
            class="makeStyles-logo-8 active"
            href="/"
          >
            <img
              alt="the Logo of Natakalam"
              src="logo.png"
              width="35px"
            />
          </a>
          <div
            class="makeStyles-responsiveNav-7"
          >
            <div
              class="MuiGrid-root MuiGrid-container MuiGrid-spacing-xs-3"
            >
              <div
                class="MuiGrid-root MuiGrid-item"
              >
                <button
                  class="MuiButtonBase-root MuiButton-root MuiButton-text MuiButton-textSecondary"
                  data-testid="openMenuButton"
                  tabindex="0"
                  type="button"
                >
                  <span
                    class="MuiButton-label"
                  >
                    <h6
                      class="MuiTypography-root MuiTypography-subtitle1 MuiTypography-colorSecondary"
                    >
                      Services
                    </h6>
                    <svg
                      aria-hidden="true"
                      class="MuiSvgIcon-root"
                      focusable="false"
                      viewBox="0 0 24 24"
                    >
                      <path
                        d="M16.59 8.59L12 13.17 7.41 8.59 6 10l6 6 6-6z"
                      />
                    </svg>
                  </span>
                  <span
                    class="MuiTouchRipple-root"
                  />
                </button>
              </div>
              <div
                class="MuiGrid-root MuiGrid-item"
              >
                <a
                  class="makeStyles-textDecoration-234"
                  href="/about"
                >
                  <button
                    class="MuiButtonBase-root MuiButton-root MuiButton-text MuiButton-textSecondary"
                    tabindex="0"
                    type="button"
                  >
                    <span
                      class="MuiButton-label"
                    >
                      <h6
                        class="MuiTypography-root MuiTypography-subtitle1 MuiTypography-colorSecondary"
                      >
                        About Us
                      </h6>
                    </span>
                    <span
                      class="MuiTouchRipple-root"
                    />
                  </button>
                </a>
              </div>
              <div
                class="MuiGrid-root MuiGrid-item"
              >
                <a
                  class="makeStyles-textDecoration-234"
                  href="/blog"
                >
                  <button
                    class="MuiButtonBase-root MuiButton-root MuiButton-text MuiButton-textSecondary"
                    tabindex="0"
                    type="button"
                  >
                    <span
                      class="MuiButton-label"
                    >
                      <h6
                        class="MuiTypography-root MuiTypography-subtitle1 MuiTypography-colorSecondary"
                      >
                        Blog
                      </h6>
                    </span>
                    <span
                      class="MuiTouchRipple-root"
                    />
                  </button>
                </a>
              </div>
              <div
                class="MuiGrid-root MuiGrid-item"
              >
                <a
                  class="makeStyles-textDecoration-234"
                  href="/contact"
                >
                  <button
                    class="MuiButtonBase-root MuiButton-root MuiButton-text MuiButton-textSecondary"
                    tabindex="0"
                    type="button"
                  >
                    <span
                      class="MuiButton-label"
                    >
                      <h6
                        class="MuiTypography-root MuiTypography-subtitle1 MuiTypography-colorSecondary"
                      >
                        Contact Us
                      </h6>
                    </span>
                    <span
                      class="MuiTouchRipple-root"
                    />
                  </button>
                </a>
              </div>
              <div
                class="MuiGrid-root MuiGrid-item"
              >
                <a
                  class="makeStyles-textDecoration-234"
                  href="/shop"
                >
                  <button
                    class="MuiButtonBase-root MuiButton-root MuiButton-text MuiButton-textSecondary"
                    tabindex="0"
                    type="button"
                  >
                    <span
                      class="MuiButton-label"
                    >
                      <h6
                        class="MuiTypography-root MuiTypography-subtitle1 MuiTypography-colorSecondary"
                      >
                        Shop
                      </h6>
                    </span>
                    <span
                      class="MuiTouchRipple-root"
                    />
                  </button>
                </a>
              </div>
            </div>
          </div>
          <h6
            class="MuiTypography-root makeStyles-responsivePagePath-10 MuiTypography-subtitle1 MuiTypography-colorPrimary"
          />
          <button
            aria-label="open drawer"
            class="MuiButtonBase-root MuiIconButton-root makeStyles-responsiveDrawer-6  MuiIconButton-colorSecondary MuiIconButton-edgeEnd"
            tabindex="0"
            type="button"
          >
            <span
              class="MuiIconButton-label"
            >
              <svg
                aria-hidden="true"
                class="MuiSvgIcon-root"
                focusable="false"
                viewBox="0 0 24 24"
              >
                <path
                  d="M3 18h18v-2H3v2zm0-5h18v-2H3v2zm0-7v2h18V6H3z"
                />
              </svg>
            </span>
            <span
              class="MuiTouchRipple-root"
            />
          </button>
        </div>
      </header>
      <div
        class="MuiToolbar-root MuiToolbar-regular MuiToolbar-gutters"
      />
      <div
        class="MuiDrawer-root MuiDrawer-docked makeStyles-drawer-245"
      >
        <div
          class="MuiPaper-root MuiDrawer-paper makeStyles-drawerPaper-246 MuiDrawer-paperAnchorTop MuiDrawer-paperAnchorDockedTop MuiPaper-elevation0"
          style="visibility: hidden; webkit-transform: translateY(-0px); transform: translateY(-0px);"
        >
          <div
            class="makeStyles-drawerHeader-247"
          >
            <button
              class="MuiButtonBase-root MuiIconButton-root"
              tabindex="0"
              type="button"
            >
              <span
                class="MuiIconButton-label"
              >
                <svg
                  aria-hidden="true"
                  class="MuiSvgIcon-root"
                  focusable="false"
                  viewBox="0 0 24 24"
                >
                  <path
                    d="M12 8l-6 6 1.41 1.41L12 10.83l4.59 4.58L18 14z"
                  />
                </svg>
              </span>
              <span
                class="MuiTouchRipple-root"
              />
            </button>
          </div>
          <ul
            class="MuiList-root MuiList-padding"
          >
            <a
              class="makeStyles-textDecoration-264"
              href="/"
            >
              <div
                aria-disabled="false"
                class="MuiButtonBase-root MuiListItem-root MuiListItem-gutters MuiListItem-button"
                role="button"
                tabindex="0"
              >
                <h6
                  class="MuiTypography-root MuiTypography-subtitle1 MuiTypography-colorPrimary"
                >
                  HOME
                </h6>
                <span
                  class="MuiTouchRipple-root"
                />
              </div>
            </a>
            <div
              aria-disabled="false"
              class="MuiButtonBase-root MuiListItem-root MuiListItem-gutters MuiListItem-button"
              data-testid="openMenuButton"
              role="button"
              tabindex="0"
            >
              <h6
                class="MuiTypography-root MuiTypography-subtitle1 MuiTypography-colorSecondary"
              >
                SERVICES
              </h6>
              <svg
                aria-hidden="true"
                class="MuiSvgIcon-root MuiSvgIcon-colorSecondary"
                focusable="false"
                viewBox="0 0 24 24"
              >
                <path
                  d="M16.59 8.59L12 13.17 7.41 8.59 6 10l6 6 6-6z"
                />
              </svg>
              <span
                class="MuiTouchRipple-root"
              />
            </div>
            <a
              class="makeStyles-textDecoration-264"
              href="/about"
            >
              <div
                aria-disabled="false"
                class="MuiButtonBase-root MuiListItem-root MuiListItem-gutters MuiListItem-button"
                role="button"
                tabindex="0"
              >
                <h6
                  class="MuiTypography-root MuiTypography-subtitle1 MuiTypography-colorSecondary"
                >
                  ABOUT US
                </h6>
                <span
                  class="MuiTouchRipple-root"
                />
              </div>
            </a>
            <a
              class="makeStyles-textDecoration-264"
              href="/blog"
            >
              <div
                aria-disabled="false"
                class="MuiButtonBase-root MuiListItem-root MuiListItem-gutters MuiListItem-button"
                role="button"
                tabindex="0"
              >
                <h6
                  class="MuiTypography-root MuiTypography-subtitle1 MuiTypography-colorSecondary"
                >
                  BLOG
                </h6>
                <span
                  class="MuiTouchRipple-root"
                />
              </div>
            </a>
            <a
              class="makeStyles-textDecoration-264"
              href="/contact"
            >
              <div
                aria-disabled="false"
                class="MuiButtonBase-root MuiListItem-root MuiListItem-gutters MuiListItem-button"
                role="button"
                tabindex="0"
              >
                <h6
                  class="MuiTypography-root MuiTypography-subtitle1 MuiTypography-colorSecondary"
                >
                  CONTACT US
                </h6>
                <span
                  class="MuiTouchRipple-root"
                />
              </div>
            </a>
            <a
              class="makeStyles-textDecoration-264"
              href="/shop"
            >
              <div
                aria-disabled="false"
                class="MuiButtonBase-root MuiListItem-root MuiListItem-gutters MuiListItem-button"
                role="button"
                tabindex="0"
              >
                <h6
                  class="MuiTypography-root MuiTypography-subtitle1 MuiTypography-colorSecondary"
                >
                  SHOP
                </h6>
                <span
                  class="MuiTouchRipple-root"
                />
              </div>
            </a>
          </ul>
        </div>
      </div>
    </div>
  </div>,
  "debug": [Function],
  "findAllByAltText": [Function],
  "findAllByDisplayValue": [Function],
  "findAllByLabelText": [Function],
  "findAllByPlaceholderText": [Function],
  "findAllByRole": [Function],
  "findAllByTestId": [Function],
  "findAllByText": [Function],
  "findAllByTitle": [Function],
  "findByAltText": [Function],
  "findByDisplayValue": [Function],
  "findByLabelText": [Function],
  "findByPlaceholderText": [Function],
  "findByRole": [Function],
  "findByTestId": [Function],
  "findByText": [Function],
  "findByTitle": [Function],
  "getAllByAltText": [Function],
  "getAllByDisplayValue": [Function],
  "getAllByLabelText": [Function],
  "getAllByPlaceholderText": [Function],
  "getAllByRole": [Function],
  "getAllByTestId": [Function],
  "getAllByText": [Function],
  "getAllByTitle": [Function],
  "getByAltText": [Function],
  "getByDisplayValue": [Function],
  "getByLabelText": [Function],
  "getByPlaceholderText": [Function],
  "getByRole": [Function],
  "getByTestId": [Function],
  "getByText": [Function],
  "getByTitle": [Function],
  "queryAllByAltText": [Function],
  "queryAllByDisplayValue": [Function],
  "queryAllByLabelText": [Function],
  "queryAllByPlaceholderText": [Function],
  "queryAllByRole": [Function],
  "queryAllByTestId": [Function],
  "queryAllByText": [Function],
  "queryAllByTitle": [Function],
  "queryByAltText": [Function],
  "queryByDisplayValue": [Function],
  "queryByLabelText": [Function],
  "queryByPlaceholderText": [Function],
  "queryByRole": [Function],
  "queryByTestId": [Function],
  "queryByText": [Function],
  "queryByTitle": [Function],
  "rerender": [Function],
  "unmount": [Function],
}
`;
